[2026-09-30 19:50:00 Asia/Shanghai] SD3.5M single-seed experiment package unpacked and local assets resolved.
[2026-09-30 19:50:00 Asia/Shanghai] Protocol manifest generated: geneval/ocr/hpsv2/pickscore, 6040 JSON artifacts.
[2026-09-30 19:50:00 Asia/Shanghai] Offline services healthy: GenEval :18086, OCR :18087, PickScore :18089.
[2026-09-30 19:50:00 Asia/Shanghai] Debug OCR run completed: one update, 3 training images, checkpoint-0/1, eval_0/eval_1, completed.json.
[2026-09-30 19:50:00 Asia/Shanghai] W&B is offline; scalar history and local table JSON are retained under debug-ocr-3/wandb and debug-ocr-3/*.json.
[2026-09-30 19:50:00 Asia/Shanghai] Formal matrix is paused only because HPSv2 ViT-H open_clip_pytorch_model.bin is not present in the supplied local assets.
[2026-09-30 20:00:00 Asia/Shanghai] Formal OCR E0 is running in runs/sd35-single-seed/runs/E0_ocr/output.
[2026-09-30 20:14:00 Asia/Shanghai] Formal OCR E0 completed successfully: 32/32 centers, locked calibration, finite-difference and parameter-gradient artifacts written.
[2026-09-30 20:14:00 Asia/Shanghai] Formal PickScore E0 retry completed successfully: 32/32 centers after BatchEncoding compatibility fix; retry output retained under E0_pickscore/segments/retry1/output.
[2026-09-30 20:14:00 Asia/Shanghai] Formal GenEval E0 completed successfully: 32/32 centers, locked calibration, finite-difference and parameter-gradient artifacts written.
[2026-09-30 20:15:00 Asia/Shanghai] E3 GenEval and E3 OCR are now running; E3 preference waits for the missing HPSv2 ViT-H OpenCLIP weights.
[2026-09-30 20:18:00 Asia/Shanghai] E3 GenEval/OCR prerequisite launch was blocked while importing the HPSv2 comparison scorer: current hpsv2 package imports tkinter, unavailable in this runtime; the required HPS ViT-H weights are also still missing.
[2026-09-30 20:18:00 Asia/Shanghai] Formal complete E0 outputs: E0_ocr/output, E0_geneval/output, E0_pickscore/segments/retry1/output.
[2026-10-03 10:31:13 Asia/Shanghai] HPSv2 ViT-H OpenCLIP weights supplied by user and linked into reward_ckpts/CLIP-ViT-H-14-laion2B-s32B-b79K/open_clip_pytorch_model.bin.
[2026-10-03 10:31:13 Asia/Shanghai] Patched the installed hpsv2 open_clip factory to remove an unused turtle import that required unavailable tkinter.
[2026-10-03 10:31:13 Asia/Shanghai] HPSv2 local scorer smoke test and HTTP service test passed with finite scores; service healthy at 127.0.0.1:18088.
[2026-10-03 10:34:00 Asia/Shanghai] Disabled only the obsolete Slurm-allocation hard stop for local frozen execution; single-GPU and single-process guards remain enforced.
[2026-10-03 10:34:00 Asia/Shanghai] E0 HPSv2 and E3 GeneEval/OCR relaunched in local CUDA mode; E0 is progressing by center and E3 by state.
[2026-10-03 10:48:29 Asia/Shanghai] E0 HPSv2 completed 32/32 centers with offline W&B artifacts and locked calibration; E3 GeneEval/OCR remain in progress.
[2026-10-03 10:48:29 Asia/Shanghai] E3 preference started after the HPSv2 E0 calibration became available; it compares HPSv2 and PickScore remote scorers across all three domains.
[2026-10-03 11:08:17 Asia/Shanghai] Training-sync config now serves the formal E0 HPSv2 offline W&B run and this progress log; server restarted successfully on port 9753, /status and /wandb.zip validated.
[2026-10-03 11:09:23 Asia/Shanghai] Training-sync server re-launched in a persistent session after shell lifecycle cleanup; /status=ok and W&B zip integrity remain valid.
[2026-10-03 11:10:25 Asia/Shanghai] Local dependency runner validated: main_nft and main_flow_grpo are dispatched through the required native 4-GPU contract; main_full uses the train contract.
[2026-10-03 13:09:00 Asia/Shanghai] Hourly inspection found prior interactive sessions reclaimed: E3 GeneEval and OCR were complete on disk; E3 preference retry2 remained partial and was preserved.
[2026-10-03 13:11:00 Asia/Shanghai] Reward services, training-sync, and local dependency runner restarted; E3 preference resumed as a clean retry3 with offline W&B and both HPSv2/PickScore endpoints healthy.
[2026-10-02 20:05:07 PDT] local continuation runner started; waiting for current E3 outputs
[2026-10-03 11:05:43 Asia/Shanghai] local continuation runner started; waiting for current E3 outputs
[2026-10-03 11:10:25 Asia/Shanghai] local continuation runner started; waiting for current E3 outputs
[2026-10-03 13:10:49 Asia/Shanghai] local continuation runner started; waiting for current E3 outputs
